[www.switchmobilityev.com/en.html]
[www.switchmobilityev.com/core/misc/favicon.ico]
[www.switchmobilityev.com/ja.html]
[www.switchmobilityev.com/es.html]
[backblue.gif]
[fade.gif]
[index.html]
[www.switchmobilityev.com/core/assets/vendor/normalize-css/normalize8496.css]
[www.switchmobilityev.com/core/misc/normalize-fixes8496.css]
[www.switchmobilityev.com/core/themes/stable/css/system/components/ajax-progress.module8496.css]
[www.switchmobilityev.com/core/themes/stable/css/system/components/align.module8496.css]
[www.switchmobilityev.com/core/themes/stable/css/system/components/autocomplete-loading.module8496.css]
[www.switchmobilityev.com/core/themes/stable/css/system/components/fieldgroup.module8496.css]
[www.switchmobilityev.com/core/themes/stable/css/system/components/container-inline.module8496.css]
[www.switchmobilityev.com/core/themes/stable/css/system/components/clearfix.module8496.css]
[www.switchmobilityev.com/core/themes/stable/css/system/components/details.module8496.css]
[www.switchmobilityev.com/core/themes/stable/css/system/components/hidden.module8496.css]
[www.switchmobilityev.com/core/themes/stable/css/system/components/item-list.module8496.css]
[www.switchmobilityev.com/core/themes/stable/css/system/components/js.module8496.css]
[www.switchmobilityev.com/core/themes/stable/css/system/components/nowrap.module8496.css]
[www.switchmobilityev.com/core/themes/stable/css/system/components/position-container.module8496.css]
[www.switchmobilityev.com/core/themes/stable/css/system/components/progress.module8496.css]
[www.switchmobilityev.com/core/themes/stable/css/system/components/reset-appearance.module8496.css]
[www.switchmobilityev.com/core/themes/stable/css/system/components/resize.module8496.css]
[www.switchmobilityev.com/core/themes/stable/css/system/components/sticky-header.module8496.css]
[www.switchmobilityev.com/core/themes/stable/css/system/components/system-status-counter8496.css]
[www.switchmobilityev.com/core/themes/stable/css/system/components/system-status-report-counters8496.css]
[www.switchmobilityev.com/core/themes/stable/css/system/components/system-status-report-general-info8496.css]
[www.switchmobilityev.com/core/themes/stable/css/system/components/tabledrag.module8496.css]
[www.switchmobilityev.com/core/themes/stable/css/system/components/tablesort.module8496.css]
[www.switchmobilityev.com/core/themes/stable/css/system/components/tree-child.module8496.css]
[www.switchmobilityev.com/libraries/cookiesjsr/dist/cookiesjsr.min8496.css]
[www.switchmobilityev.com/core/themes/stable/css/views/views.module8496.css]
[www.switchmobilityev.com/modules/contrib/addtoany/css/addtoany8496.css]
[www.switchmobilityev.com/core/themes/classy/css/components/action-links8496.css]
[www.switchmobilityev.com/core/themes/classy/css/components/breadcrumb8496.css]
[www.switchmobilityev.com/core/themes/classy/css/components/button8496.css]
[www.switchmobilityev.com/core/themes/classy/css/components/collapse-processed8496.css]
[www.switchmobilityev.com/core/themes/classy/css/components/container-inline8496.css]
[www.switchmobilityev.com/core/themes/classy/css/components/details8496.css]
[www.switchmobilityev.com/core/themes/classy/css/components/exposed-filters8496.css]
[www.switchmobilityev.com/core/themes/classy/css/components/field8496.css]
[www.switchmobilityev.com/core/themes/classy/css/components/form8496.css]
[www.switchmobilityev.com/core/themes/classy/css/components/icons8496.css]
[www.switchmobilityev.com/core/themes/classy/css/components/inline-form8496.css]
[www.switchmobilityev.com/core/themes/classy/css/components/link8496.css]
[www.switchmobilityev.com/core/themes/classy/css/components/links8496.css]
[www.switchmobilityev.com/core/themes/classy/css/components/menu8496.css]
[www.switchmobilityev.com/core/themes/classy/css/components/more-link8496.css]
[www.switchmobilityev.com/core/themes/classy/css/components/pager8496.css]
[www.switchmobilityev.com/core/themes/classy/css/components/tabledrag8496.css]
[www.switchmobilityev.com/core/themes/classy/css/components/tableselect8496.css]
[www.switchmobilityev.com/core/themes/classy/css/components/tablesort8496.css]
[www.switchmobilityev.com/core/themes/classy/css/components/tabs8496.css]
[www.switchmobilityev.com/core/themes/classy/css/components/textarea8496.css]
[www.switchmobilityev.com/core/themes/classy/css/components/ui-dialog8496.css]
[www.switchmobilityev.com/core/themes/classy/css/components/messages8496.css]
[www.switchmobilityev.com/themes/custom/switchmobility/resources/css/bootstrap.min8496.css]
[www.switchmobilityev.com/themes/custom/switchmobility/resources/css/font-awesome.min8496.css]
[www.switchmobilityev.com/themes/custom/switchmobility/resources/css/aos8496.css]
[www.switchmobilityev.com/themes/custom/switchmobility/resources/css/styles8496.css]
[www.switchmobilityev.com/themes/custom/switchmobility/resources/css/overwrite8496.css]
[www.switchmobilityev.com/themes/custom/switchmobility/resources/css/custom8496.css]
[www.switchmobilityev.com/themes/custom/switchmobility/resources/css/responsiveScreen8496.css]
[www.switchmobilityev.com/themes/custom/switchmobility/resources/fontawesome/css/all8496.css]
[www.switchmobilityev.com/themes/custom/switchmobility/resources/fontawesome/css/fontawesome8496.css]
[www.switchmobilityev.com/themes/custom/switchmobility/resources/fontawesome/css/brands8496.css]
[www.switchmobilityev.com/themes/custom/switchmobility/resources/fontawesome/css/solid8496.css]
[www.switchmobilityev.com/themes/custom/switchmobility/resources/css/slick8496.css]
[www.switchmobilityev.com/en/company.html]
[www.switchmobilityev.com/en/current-vehicles.html]
[www.switchmobilityev.com/en/switch-e1.html]
[www.switchmobilityev.com/en/switch-eiv12.html]
[www.switchmobilityev.com/en/switch-eiv22.html]
[www.switchmobilityev.com/en/metrodecker.html]
[www.switchmobilityev.com/en/metrocity.html]
[www.switchmobilityev.com/en/switch-iev-series.html]
[www.switchmobilityev.com/en/switch-eiv7.html]
[www.switchmobilityev.com/en/technology.html]
[www.switchmobilityev.com/en/news.html]
[www.switchmobilityev.com/en/investors.html]
[www.switchmobilityev.com/en/recruitment.html]
[www.switchmobilityev.com/en/aftersales-support.html]
[www.switchmobilityev.com/en/contact.html]
[www.switchmobilityev.com/sites/default/files/2023-01/IEV_SERIES_REVEAL_0.jpg]
[www.switchmobilityev.com/sites/default/files/2023-01/EiV7-home-banner.jpg]
[www.switchmobilityev.com/sites/default/files/2022-06/e1-switch-home-banner-new_0.jpg]
[www.switchmobilityev.com/sites/default/files/2022-06/home_eiv12.jpg]
[www.switchmobilityev.com/sites/default/files/2022-08/EIV22-main-banner.jpg]
[www.switchmobilityev.com/sites/default/files/2022-06/e1-vehicle-img.jpg]
[www.switchmobilityev.com/sites/default/files/2022-06/vehicle_ev12_0.jpg]
[www.switchmobilityev.com/sites/default/files/2022-08/EIV-22-thumb-img.jpg]
[www.switchmobilityev.com/sites/default/files/Switch-Infographic_updated3860.png]
[www.switchmobilityev.com/sites/default/files/Switch-Infographic_updated-mob3860.jpg]
[www.switchmobilityev.com/sites/default/files/2023-02/Formula-E1-img1.jpg]
[www.switchmobilityev.com/en/news/formula-e-race76e3.html]
[www.switchmobilityev.com/sites/default/files/2023-02/flag-off-img3.jpg]
[www.switchmobilityev.com/en/news/switch-mobility-ltd-delivers-first-set-switch-eiv-22-indias-first-electric-double-decker-buses0222.html]
[www.switchmobilityev.com/sites/default/files/2023-02/auto-expo-lead-news-banner_2.jpg]
[www.switchmobilityev.com/en/news/switch-mobility-showcase-3-new-electric-vehicles-auto-expo-20231089.html]
[www.switchmobilityev.com/en/privacy-policy.html]
[www.switchmobilityev.com/en/tax-strategy.html]
[www.switchmobilityev.com/en/disclaimer.html]
[www.switchmobilityev.com/en/cookies-policy.html]
[www.switchmobilityev.com/en/gender-pay-gap-reporting.html]
[www.switchmobilityev.com/en/modern-slavery-act-transparency.html]
[www.switchmobilityev.com/sites/default/files/Disability_Confident_Committeed_certificate.pdf]
[www.switchmobilityev.com/sites/default/files/disability-confident-logo.png]
[www.switchmobilityev.com/sites/default/files/Switch_Mobility_Ltd_ISO14001.pdf]
[www.switchmobilityev.com/sites/default/files/certificate-logo.jpg]
[www.switchmobilityev.com/sites/default/files/Switch_Mobility_Ltd_ISO14931_22-23.pdf]
[www.switchmobilityev.com/sites/default/files/ISO-certification-logo.jpg]
[www.switchmobilityev.com/core/assets/vendor/jquery/jquery.minc011.js]
[www.switchmobilityev.com/core/assets/vendor/jquery-once/jquery.once.min62cf.js]
[www.switchmobilityev.com/core/misc/drupalSettingsLoader990d.js]
[www.switchmobilityev.com/core/misc/drupal990d.js]
[www.switchmobilityev.com/core/misc/drupal.init990d.js]
[static.addtoany.com/menu/page.js]
[www.switchmobilityev.com/modules/contrib/addtoany/js/addtoany990d.js]
[www.switchmobilityev.com/core/misc/debounce990d.js]
[www.switchmobilityev.com/core/misc/announce990d.js]
[www.switchmobilityev.com/core/misc/message990d.js]
[www.switchmobilityev.com/modules/contrib/cookies/js/cookiesjsr.conf990d.js]
[cdn.jsdelivr.net/gh/jfeltkamp/cookiesjsr@1/dist/cookiesjsr-preloader.min.js]
[www.switchmobilityev.com/modules/custom/cbe/js/jquery.cbeView3860.js]
[code.jquery.com/jquery-3.4.1.min.js]
[www.switchmobilityev.com/themes/custom/switchmobility/resources/js/jquery-3.4.1.min.js]
[www.switchmobilityev.com/themes/custom/switchmobility/resources/css/jquery.fancybox.min.css]
[www.switchmobilityev.com/themes/custom/switchmobility/resources/js/jquery.fancybox.min.js]
[www.switchmobilityev.com/themes/custom/switchmobility/resources/js/jquery.touchSwipe.js]
[www.switchmobilityev.com/themes/custom/switchmobility/resources/js/bootstrap.min.js]
[www.switchmobilityev.com/themes/custom/switchmobility/resources/js/aos.js]
[www.switchmobilityev.com/themes/custom/switchmobility/resources/js/basicScroll.min.js]
[www.switchmobilityev.com/themes/custom/switchmobility/resources/js/slick.min.js]
[www.switchmobilityev.com/themes/custom/switchmobility/resources/js/switch3860.js]
[www.switchmobilityev.com/en.html]
[www.switchmobilityev.com/themes/custom/switchmobility/resources/js/common3860.js]
[www.switchmobilityev.com/ja/company.html]
[www.switchmobilityev.com/ja/current-vehicles.html]
[www.switchmobilityev.com/ja/switch-e1.html]
[www.switchmobilityev.com/ja/switch-eiv12.html]
[www.switchmobilityev.com/ja/switch-eiv22.html]
[www.switchmobilityev.com/ja/metrodecker.html]
[www.switchmobilityev.com/ja/metrocity.html]
[www.switchmobilityev.com/ja/technology.html]
[www.switchmobilityev.com/ja/aftersales-support.html]
[www.switchmobilityev.com/ja/news.html]
[www.switchmobilityev.com/ja/contact.html]
[www.switchmobilityev.com/sites/default/files/2022-06/e1-switch-home-banner-new_2.jpg]
[www.switchmobilityev.com/ja/tax-strategy.html]
[www.switchmobilityev.com/ja/privacy-policy.html]
[www.switchmobilityev.com/ja/cookies-policy.html]
[www.switchmobilityev.com/ja/gender-pay-gap-reporting.html]
[www.switchmobilityev.com/ja/modern-slavery-act-transparency.html]
[www.switchmobilityev.com/ja.html]
[www.switchmobilityev.com/sites/default/files/languages/ja_ukDMrpYOZFHDmVxSZT_GxZYic55LxU8VuTKIqWHu1QQ8496.js]
[www.switchmobilityev.com/es/company.html]
[www.switchmobilityev.com/es/current-vehicles.html]
[www.switchmobilityev.com/es/switch-e1.html]
[www.switchmobilityev.com/es/switch-eiv12.html]
[www.switchmobilityev.com/es/switch-eiv22.html]
[www.switchmobilityev.com/es/metrodecker.html]
[www.switchmobilityev.com/es/metrocity.html]
[www.switchmobilityev.com/es/technology.html]
[www.switchmobilityev.com/es/recruitment.html]
[www.switchmobilityev.com/es/aftersales-support.html]
[www.switchmobilityev.com/es/news.html]
[www.switchmobilityev.com/es/contact.html]
[www.switchmobilityev.com/sites/default/files/2022-06/e1-switch-home-banner-new_1.jpg]
[www.switchmobilityev.com/es/tax-strategy.html]
[www.switchmobilityev.com/es/privacy-policy.html]
[www.switchmobilityev.com/es/gender-pay-gap-reporting.html]
[www.switchmobilityev.com/es/modern-slavery-act-transparency.html]
[www.switchmobilityev.com/es.html]
[www.switchmobilityev.com/core/assets/vendor/normalize-css/normalize8496.css]
[www.switchmobilityev.com/core/misc/normalize-fixes8496.css]
[www.switchmobilityev.com/sites/default/files/languages/es_F_ypxX7jI8JH1zy8Fo5M_D0d45llfAXoyq_cF9qJqWA8496.js]
[www.switchmobilityev.com/core/themes/stable/images/core/throbber-active.gif]
[www.switchmobilityev.com/core/themes/stable/images/core/loading-small.gif]
[www.switchmobilityev.com/core/themes/stable/css/system/components/ajax-progress.module8496.css]
[www.switchmobilityev.com/core/themes/stable/css/system/components/align.module8496.css]
[www.switchmobilityev.com/core/themes/stable/images/core/throbber-inactive.png]
[www.switchmobilityev.com/core/themes/stable/css/system/components/autocomplete-loading.module8496.css]
[www.switchmobilityev.com/core/themes/stable/css/system/components/fieldgroup.module8496.css]
[www.switchmobilityev.com/core/themes/stable/css/system/components/container-inline.module8496.css]
[www.switchmobilityev.com/core/themes/stable/css/system/components/clearfix.module8496.css]
[www.switchmobilityev.com/core/themes/stable/css/system/components/details.module8496.css]
[www.switchmobilityev.com/core/themes/stable/css/system/components/hidden.module8496.css]
[www.switchmobilityev.com/core/themes/stable/css/system/components/item-list.module8496.css]
[www.switchmobilityev.com/core/themes/stable/css/system/components/js.module8496.css]
[www.switchmobilityev.com/core/themes/stable/css/system/components/nowrap.module8496.css]
[www.switchmobilityev.com/core/themes/stable/css/system/components/position-container.module8496.css]
[www.switchmobilityev.com/core/themes/stable/css/system/components/progress.module8496.css]
[www.switchmobilityev.com/core/themes/stable/css/system/components/reset-appearance.module8496.css]
[www.switchmobilityev.com/core/themes/stable/css/system/components/resize.module8496.css]
[www.switchmobilityev.com/core/themes/stable/css/system/components/sticky-header.module8496.css]
[www.switchmobilityev.com/core/themes/stable/css/system/components/system-status-counter8496.css]
[www.switchmobilityev.com/core/themes/stable/css/system/components/system-status-report-counters8496.css]
[www.switchmobilityev.com/core/themes/stable/css/system/components/system-status-report-general-info8496.css]
[www.switchmobilityev.com/core/themes/stable/css/system/components/tabledrag.module8496.css]
[www.switchmobilityev.com/core/themes/stable/css/system/components/tablesort.module8496.css]
[www.switchmobilityev.com/core/themes/stable/images/core/tree.png]
[www.switchmobilityev.com/core/themes/stable/images/core/tree-bottom.png]
[www.switchmobilityev.com/core/themes/stable/css/system/components/tree-child.module8496.css]
[www.switchmobilityev.com/libraries/cookiesjsr/dist/cookiesjsr.min8496.css]
[www.switchmobilityev.com/core/themes/stable/css/views/views.module8496.css]
[www.switchmobilityev.com/modules/contrib/addtoany/css/addtoany8496.css]
[www.switchmobilityev.com/core/themes/classy/css/components/action-links8496.css]
[www.switchmobilityev.com/core/themes/classy/css/components/breadcrumb8496.css]
[www.switchmobilityev.com/core/themes/classy/css/components/button8496.css]
[www.switchmobilityev.com/core/misc/menu-expanded.png]
[www.switchmobilityev.com/core/themes/classy/css/components/collapse-processed8496.css]
[www.switchmobilityev.com/core/themes/classy/css/components/container-inline8496.css]
[www.switchmobilityev.com/core/themes/classy/css/components/details8496.css]
[www.switchmobilityev.com/core/themes/classy/css/components/exposed-filters8496.css]
[www.switchmobilityev.com/core/themes/classy/css/components/field8496.css]
[www.switchmobilityev.com/core/themes/classy/css/components/form8496.css]
[www.switchmobilityev.com/core/misc/help.png]
[www.switchmobilityev.com/core/themes/classy/css/components/icons8496.css]
[www.switchmobilityev.com/core/themes/classy/css/components/inline-form8496.css]
[www.switchmobilityev.com/core/themes/classy/css/components/link8496.css]
[www.switchmobilityev.com/core/themes/classy/css/components/links8496.css]
[www.switchmobilityev.com/core/misc/menu-collapsed.png]
[www.switchmobilityev.com/core/misc/menu-collapsed-rtl.png]
[www.switchmobilityev.com/core/themes/classy/css/components/menu8496.css]
[www.switchmobilityev.com/core/themes/classy/css/components/more-link8496.css]
[www.switchmobilityev.com/core/themes/classy/css/components/pager8496.css]
[www.switchmobilityev.com/core/themes/classy/css/components/tabledrag8496.css]
[www.switchmobilityev.com/core/themes/classy/css/components/tableselect8496.css]
[www.switchmobilityev.com/core/themes/classy/css/components/tablesort8496.css]
[www.switchmobilityev.com/core/themes/classy/css/components/tabs8496.css]
[www.switchmobilityev.com/core/themes/classy/css/components/textarea8496.css]
[www.switchmobilityev.com/core/themes/classy/css/components/ui-dialog8496.css]
[www.switchmobilityev.com/core/themes/classy/css/components/messages8496.css]
[www.switchmobilityev.com/themes/custom/switchmobility/resources/css/bootstrap.min8496.css]
[www.switchmobilityev.com/themes/custom/switchmobility/resources/fonts/fontawesome-webfont93e3.eot]
[www.switchmobilityev.com/themes/custom/switchmobility/resources/fonts/fontawesome-webfontd41d.eot]
[www.switchmobilityev.com/themes/custom/switchmobility/resources/fonts/fontawesome-webfont93e3.woff2]
[www.switchmobilityev.com/themes/custom/switchmobility/resources/fonts/fontawesome-webfont93e3.woff]
[www.switchmobilityev.com/themes/custom/switchmobility/resources/fonts/fontawesome-webfont93e3.ttf]
[www.switchmobilityev.com/themes/custom/switchmobility/resources/css/font-awesome.min8496.css]
[www.switchmobilityev.com/themes/custom/switchmobility/resources/css/aos8496.css]
[www.switchmobilityev.com/themes/custom/switchmobility/resources/fonts/diatype-regular.woff2]
[www.switchmobilityev.com/themes/custom/switchmobility/resources/fonts/diatype-regular.woff]
[www.switchmobilityev.com/themes/custom/switchmobility/resources/fonts/favoritmono-regular.woff2]
[www.switchmobilityev.com/themes/custom/switchmobility/resources/fonts/favoritmono-regular.woff]
[www.switchmobilityev.com/themes/custom/switchmobility/resources/images/ico-arrow-left.png]
[www.switchmobilityev.com/themes/custom/switchmobility/resources/images/ico-arrow-right.png]
[www.switchmobilityev.com/themes/custom/switchmobility/resources/images/pattern-grid-white.png]
[www.switchmobilityev.com/themes/custom/switchmobility/resources/images/pattern-green.png]
[www.switchmobilityev.com/themes/custom/switchmobility/resources/images/pattern.png]
[www.switchmobilityev.com/themes/custom/switchmobility/resources/images/ico-arrow-down.png]
[www.switchmobilityev.com/themes/custom/switchmobility/resources/images/signup/form-bus-drawing-image.png]
[www.switchmobilityev.com/themes/custom/switchmobility/resources/images/preloader.gif]
[www.switchmobilityev.com/themes/custom/switchmobility/resources/images/signup/form-bus-drawing-image-Tab.png]
[www.switchmobilityev.com/themes/custom/switchmobility/resources/images/signup/form-bus-drawing-image-Mob.png]
[www.switchmobilityev.com/themes/custom/switchmobility/resources/css/styles8496.css]
[www.switchmobilityev.com/themes/custom/switchmobility/resources/css/overwrite8496.css]
[www.switchmobilityev.com/themes/custom/switchmobility/resources/images/odin/perfect-engn-img.jpg]
[www.switchmobilityev.com/themes/custom/switchmobility/resources/images/e1/perfect-engn-img.jpg]
[www.switchmobilityev.com/themes/custom/switchmobility/resources/images/metrocity/metrocity-efficient-class.jpg]
[www.switchmobilityev.com/themes/custom/switchmobility/resources/images/metrodecker/metrodecker-lightest-bus.jpg]
[www.switchmobilityev.com/themes/custom/switchmobility/resources/images/e1/light-weight-construction.jpg]
[www.switchmobilityev.com/themes/custom/switchmobility/resources/images/metrocity/advanced-NMC-battery.jpg]
[www.switchmobilityev.com/themes/custom/switchmobility/resources/images/metrodecker/designed-for-efficiency.jpg]
[www.switchmobilityev.com/themes/custom/switchmobility/resources/images/eiV22/technology.jpg]
[www.switchmobilityev.com/themes/custom/switchmobility/resources/images/e1/battery-tech.jpg]
[www.switchmobilityev.com/themes/custom/switchmobility/resources/images/metrocity/best-in-class.jpg]
[www.switchmobilityev.com/themes/custom/switchmobility/resources/images/metrodecker/duaranteed-quality.jpg]
[www.switchmobilityev.com/themes/custom/switchmobility/resources/images/eiV22/safety.jpg]
[www.switchmobilityev.com/themes/custom/switchmobility/resources/images/e1/customer-first.jpg]
[www.switchmobilityev.com/themes/custom/switchmobility/resources/images/metrodecker/planet-saving.jpg]
[www.switchmobilityev.com/themes/custom/switchmobility/resources/images/metrocity/connectedSol.jpg]
[www.switchmobilityev.com/themes/custom/switchmobility/resources/images/e1/lowest-tco.jpg]
[www.switchmobilityev.com/themes/custom/switchmobility/resources/images/metrocity/made-for-environment.jpg]
[www.switchmobilityev.com/themes/custom/switchmobility/resources/images/eiV22/aftersales.jpg]
[www.switchmobilityev.com/themes/custom/switchmobility/resources/images/eiV22/customer-first-img.jpg]
[www.switchmobilityev.com/themes/custom/switchmobility/resources/images/ieV/Iev-series-banner.jpg]
[www.switchmobilityev.com/themes/custom/switchmobility/resources/images/eiv7/EiV7-banner.jpg]
[www.switchmobilityev.com/themes/custom/switchmobility/resources/css/custom8496.css]
[www.switchmobilityev.com/themes/custom/switchmobility/resources/images/ieV/Iev-series-tab-banner.jpg]
[www.switchmobilityev.com/themes/custom/switchmobility/resources/images/eiv7/EiV-mobile-banner.jpg]
[www.switchmobilityev.com/themes/custom/switchmobility/resources/images/ieV/Iev-series-mobile-banner.jpg]
[www.switchmobilityev.com/themes/custom/switchmobility/resources/images/odin/battery-tech-mobile-new-img.jpg]
[www.switchmobilityev.com/themes/custom/switchmobility/resources/images/odin/light-weight-mobile.jpg]
[www.switchmobilityev.com/themes/custom/switchmobility/resources/images/metrocity/best-in-class-mobile.jpg]
[www.switchmobilityev.com/themes/custom/switchmobility/resources/images/odin/customer-first-mobile.jpg]
[www.switchmobilityev.com/themes/custom/switchmobility/resources/images/odin/lowest-tco-mobile.jpg]
[www.switchmobilityev.com/themes/custom/switchmobility/resources/css/responsiveScreen8496.css]
[www.switchmobilityev.com/themes/custom/switchmobility/resources/fontawesome/webfonts/fa-brands-400.woff2]
[www.switchmobilityev.com/themes/custom/switchmobility/resources/fontawesome/webfonts/fa-brands-400.ttf]
[www.switchmobilityev.com/themes/custom/switchmobility/resources/fontawesome/webfonts/fa-regular-400.woff2]
[www.switchmobilityev.com/themes/custom/switchmobility/resources/fontawesome/webfonts/fa-regular-400.ttf]
[www.switchmobilityev.com/themes/custom/switchmobility/resources/fontawesome/webfonts/fa-solid-900.woff2]
[www.switchmobilityev.com/themes/custom/switchmobility/resources/fontawesome/webfonts/fa-solid-900.ttf]
[www.switchmobilityev.com/themes/custom/switchmobility/resources/fontawesome/webfonts/fa-v4compatibility.woff2]
[www.switchmobilityev.com/themes/custom/switchmobility/resources/fontawesome/webfonts/fa-v4compatibility.ttf]
[www.switchmobilityev.com/themes/custom/switchmobility/resources/fontawesome/css/all8496.css]
[www.switchmobilityev.com/themes/custom/switchmobility/resources/fontawesome/css/fontawesome8496.css]
[www.switchmobilityev.com/themes/custom/switchmobility/resources/fontawesome/css/brands8496.css]
[www.switchmobilityev.com/themes/custom/switchmobility/resources/fontawesome/css/solid8496.css]
[www.switchmobilityev.com/themes/custom/switchmobility/resources/css/slick8496.css]
[www.googletagmanager.com/gtm5445.html]
[www.switchmobilityev.com/themes/custom/switchmobility/resources/images/company-animation-v2.mp4]
[www.switchmobilityev.com/sites/default/files/banner-company.jpg]
[www.switchmobilityev.com/sites/default/files/carbonneutralLogo.png]
[www.switchmobilityev.com/sites/default/files/2021-03/dheeraj-hinduja.jpg]
[www.switchmobilityev.com/sites/default/files/2021-10/mahesh-babu.jpg]
[www.switchmobilityev.com/sites/default/files/2021-10/shom-hinduja.jpg]
[www.switchmobilityev.com/sites/default/files/2021-11/venkat-sumantran.jpg]
[www.switchmobilityev.com/sites/default/files/2021-10/jose-alapont.jpg]
[www.switchmobilityev.com/sites/default/files/2021-10/dr-miranda-brawn.jpg]
[www.switchmobilityev.com/sites/default/files/2022-02/Diane-Moore-img.jpg]
[www.switchmobilityev.com/sites/default/files/2021-03/hariharan-krishnamurthi.jpg]
[www.switchmobilityev.com/sites/default/files/2021-03/roger-blakey.jpg]
[www.switchmobilityev.com/sites/default/files/2021-03/muralee-krishnan.jpg]
[www.switchmobilityev.com/sites/default/files/2021-07/tilak-ahuja.jpg]
[www.switchmobilityev.com/sites/default/files/2021-11/peter-freedman.jpg]
[www.switchmobilityev.com/sites/default/files/2022-08/Santosh-TG.jpg]
[www.switchmobilityev.com/sites/default/files/2022-03/eva-pic.png]
[www.switchmobilityev.com/sites/default/files/2022-03/shannon-pic.png]
[www.switchmobilityev.com/sites/default/files/2022-07/Martin-Brailey.jpg]
[www.switchmobilityev.com/sites/default/files/banner-ohm.jpg]
[www.switchmobilityev.com/sites/default/files/Switch_Mobility_Ltd_ISO45001_Certificate.pdf]
[www.switchmobilityev.com/sites/default/files/iso-logo.jpg]
[www.switchmobilityev.com/sites/default/files/cdp.png]
[www.switchmobilityev.com/sites/default/files/iatia.png]
[www.switchmobilityev.com/sites/default/files/isgf.png]
[www.switchmobilityev.com/sites/default/files/iesa.png]
[www.switchmobilityev.com/sites/default/files/emobility.png]
[www.switchmobilityev.com/sites/default/files/golden-peacock-awards.png]
[www.switchmobilityev.com/sites/default/files/zemo.png]
[www.switchmobilityev.com/sites/default/files/smmt.png]
[www.switchmobilityev.com/sites/default/files/cpt.png]
[www.switchmobilityev.com/en/company.html]
[www.switchmobilityev.com/sites/default/files/2021-05/prod-metrodecker.jpg]
[www.switchmobilityev.com/sites/default/files/2021-05/prod-metrocity.jpg]
[www.switchmobilityev.com/sites/default/files/2021-05/prod-solo.jpg]
[www.switchmobilityev.com/sites/default/files/2023-01/IeV-Series-vehicle-page-img.jpg]
[www.switchmobilityev.com/sites/default/files/2023-01/EiV7-vehicle-page-img.jpg]
[www.switchmobilityev.com/en/current-vehicles.html]
[www.switchmobilityev.com/sites/default/files/odin/ODIN-banner-img.jpg]
[www.switchmobilityev.com/sites/default/files/odin/main-mobile-banner.jpg]
[www.switchmobilityev.com/sites/default/files/odin/sub-banner1.jpg]
[www.switchmobilityev.com/sites/default/files/odin/girl-mobile.jpg]
[www.switchmobilityev.com/sites/default/files/odin/sub-banner-largeImage.jpg]
[www.switchmobilityev.com/sites/default/files/odin/perfect-engn-img.jpg]
[www.switchmobilityev.com/sites/default/files/odin/inside-Bus-image1.png]
[www.switchmobilityev.com/sites/default/files/odin/slide-2-image.jpg]
[www.switchmobilityev.com/sites/default/files/odin/odinGalleryImg1.jpg]
[www.switchmobilityev.com/sites/default/files/odin/odinGalleryImg2.jpg]
[www.switchmobilityev.com/sites/default/files/odin/odinGalleryImg3.jpg]
[www.switchmobilityev.com/sites/default/files/odin/odinGalleryImg4.jpg]
[www.switchmobilityev.com/sites/default/files/odin/odinGalleryImg5.jpg]
[www.switchmobilityev.com/sites/default/files/odin/odinGalleryImg6.jpg]
[www.switchmobilityev.com/sites/default/files/odin/odinGalleryImg7.jpg]
[www.switchmobilityev.com/sites/default/files/odin/free-flowing-img1.jpg]
[www.switchmobilityev.com/sites/default/files/odin/free-flowing-img2.jpg]
[www.switchmobilityev.com/sites/default/files/odin/premium.jpg]
[www.switchmobilityev.com/sites/default/files/odin/passenger-exp.jpg]
[www.switchmobilityev.com/en/switch-e1.html]
[www.switchmobilityev.com/sites/default/files/e1/ODIN-banner-img.jpg]
[www.switchmobilityev.com/sites/default/files/e1/main-mobile-banner.jpg]
[www.switchmobilityev.com/sites/default/files/e1/sub-banner-largeImage.jpg]
[www.switchmobilityev.com/sites/default/files/e1/perfect-engn-img.jpg]
[www.switchmobilityev.com/sites/default/files/e1/free-flowing-img1.jpg]
[www.switchmobilityev.com/sites/default/files/e1/free-flowing-img2.jpg]
[www.switchmobilityev.com/en/switch-eiv12.html]
[www.switchmobilityev.com/sites/default/files/eiV22/switch-eiv22-banner.jpg]
[www.switchmobilityev.com/sites/default/files/eiV22/EIV-22-mobile-banner.jpg]
[www.switchmobilityev.com/sites/default/files/eiV22/india-first-doubledecker.jpg]
[www.switchmobilityev.com/sites/default/files/eiV22/perfect-engn-img.jpg]
[www.switchmobilityev.com/sites/default/files/eiV22/mob-technology.jpg]
[www.switchmobilityev.com/sites/default/files/eiV22/mob-safety.jpg]
[www.switchmobilityev.com/sites/default/files/eiV22/mob-customer.jpg]
[www.switchmobilityev.com/sites/default/files/eiV22/mob-aftersales.jpg]
[www.switchmobilityev.com/sites/default/files/eiV22/EVI-22-dimension.png]
[www.switchmobilityev.com/sites/default/files/eiV22/EVI-22-blog1.jpg]
[www.switchmobilityev.com/sites/default/files/eiV22/EVI-22-blog2.jpg]
[www.switchmobilityev.com/en/switch-eiv22.html]
[www.switchmobilityev.com/sites/default/files/metrodecker/metrodecker-home-banner.jpg]
[www.switchmobilityev.com/sites/default/files/metrodecker/metrodecker-banner-mobile1.jpg]
[www.switchmobilityev.com/sites/default/files/metrodecker/sub-banner1.jpg]
[www.switchmobilityev.com/sites/default/files/metrodecker/metrodecker-3rd-fold.jpg]
[www.switchmobilityev.com/sites/default/files/metrodecker/metrodecker-lightest-bus.jpg]
[www.switchmobilityev.com/sites/default/files/metrodecker/light-on-earth.jpg]
[www.switchmobilityev.com/sites/default/files/metrodecker/customer-service.jpg]
[www.switchmobilityev.com/sites/default/files/metrodecker/industry-leading.jpg]
[www.switchmobilityev.com/en/metrodecker.html]
[www.switchmobilityev.com/sites/default/files/metrocity/metrocity-home-banner.jpg]
[www.switchmobilityev.com/sites/default/files/metrocity/metrocity-banner-mobile1.jpg]
[www.switchmobilityev.com/sites/default/files/metrocity/metrocity-first-british.jpg]
[www.switchmobilityev.com/sites/default/files/metrocity/metrocity-efficient-class.jpg]
[www.switchmobilityev.com/sites/default/files/metrocity/superior-quality.jpg]
[www.switchmobilityev.com/sites/default/files/metrocity/metrocity-premium-customer.jpg]
[www.switchmobilityev.com/sites/default/files/metrocity/premium.jpg]
[www.switchmobilityev.com/en/metrocity.html]
[www.switchmobilityev.com/sites/default/files/ieV/eiv-logo-sm.png]
[www.switchmobilityev.com/sites/default/files/ieV/IeV-3-img.jpg]
[www.switchmobilityev.com/sites/default/files/ieV/IeV-4-img.jpg]
[www.switchmobilityev.com/sites/default/files/ieV/blueArrow.png]
[www.switchmobilityev.com/sites/default/files/ieV/prodct-1-img1.jpg]
[www.switchmobilityev.com/sites/default/files/ieV/prodct-1-img3.jpg]
[www.switchmobilityev.com/sites/default/files/eiv7/ico-arrow-left.png]
[www.switchmobilityev.com/sites/default/files/eiv7/ico-arrow-right.png]
[www.switchmobilityev.com/sites/default/files/ieV/prodct-2-img2.jpg]
[www.switchmobilityev.com/sites/default/files/ieV/prodct-2-img1.jpg]
[www.switchmobilityev.com/sites/default/files/ieV/prodct-2-img3.jpg]
[www.switchmobilityev.com/sites/default/files/ieV/prodct-2-img4.jpg]
[www.switchmobilityev.com/sites/default/files/ieV/prodct-1-img2.jpg]
[www.switchmobilityev.com/en/switch-iev-series.html]
[www.switchmobilityev.com/sites/default/files/eiv7/EiV7-white-logo.png]
[www.switchmobilityev.com/sites/default/files/eiv7/eiv-logo-sm.png]
[www.switchmobilityev.com/sites/default/files/eiv7/Eiv-product-offering-image.jpg]
[www.switchmobilityev.com/sites/default/files/eiv7/EiV-img1.jpg]
[www.switchmobilityev.com/sites/default/files/eiv7/EiV-img2.jpg]
[www.switchmobilityev.com/sites/default/files/eiv7/EiV-img3.jpg]
[www.switchmobilityev.com/sites/default/files/eiv7/EiV-img4.jpg]
[www.switchmobilityev.com/sites/default/files/eiv7/EiV-img5.jpg]
[www.switchmobilityev.com/en/switch-eiv7.html]
[www.switchmobilityev.com/sites/default/files/tech-animation.mp4]
[www.switchmobilityev.com/en/technology.html]
[www.switchmobilityev.com/core/themes/classy/css/components/progress8496.css]
[www.switchmobilityev.com/en/news6833.html]
[www.switchmobilityev.com/en/news0e4f.html]
[www.switchmobilityev.com/en/news12d1.html]
[www.switchmobilityev.com/en/news331a.html]
[www.switchmobilityev.com/sites/default/files/2022-11/jsw-image-for-news.jpg]
[www.switchmobilityev.com/en/news/switch-mobility-partners-jsw-introduce-electric-buses-employee-transportation2b4f.html]
[www.switchmobilityev.com/sites/default/files/2022-11/Switch-BusExpo-Birmingham-news_1.jpg]
[www.switchmobilityev.com/en/news/showcasing-greener-future-euro-bus-expofae1.html]
[www.switchmobilityev.com/sites/default/files/2022-11/Mahesh.jpg]
[www.switchmobilityev.com/en/news/switch-announces-senior-level-organisational-changes-mahesh-babu-elevated-ceo8e63.html]
[www.switchmobilityev.com/sites/default/files/2022-08/EIV-22-for-news_1.jpg]
[www.switchmobilityev.com/en/news/re-birth-icon-switch-mobility-ltd-unveils-indias-first-and-unique-electric-double-decker-bus4025.html]
[www.switchmobilityev.com/sites/default/files/2022-08/chalo.png]
[www.switchmobilityev.com/sites/default/files/2022-06/EV12.jpg]
[www.switchmobilityev.com/en/news/switch-mobility-and-chalo-join-hands-deploy-5000-electric-buses-across-india2272.html]
[www.switchmobilityev.com/en/news/switch-india-launches-next-generation-electric-bus-platform-switch-eiv-12e16e.html]
[www.switchmobilityev.com/sites/default/files/2022-06/e1.jpg]
[www.switchmobilityev.com/en/news/switch-mobility-ltd-launches-all-new-switch-e1-12m-busbb04.html]
[www.switchmobilityev.com/sites/default/files/2022-05/sara-img-news.jpg]
[www.switchmobilityev.com/en/news/sara-borjas-appointed-new-head-rd-switch-mobility-iberia9039.html]
[www.switchmobilityev.com/sites/default/files/2022-05/THUMBNAILNEWS_0.png]
[www.switchmobilityev.com/en/news/switch-mobility-one-year493b.html]
[www.switchmobilityev.com/sites/default/files/2022-04/metrocity-news.jpg]
[www.switchmobilityev.com/en/news/switch-mobility-ltd-showcase-current-and-future-products-bus2bus-berlin6c97.html]
[www.switchmobilityev.com/sites/default/files/2022-04/swi_mo.jpg]
[www.switchmobilityev.com/en/news/switch-mobility-certified-carbon-neutral6d58.html]
[www.switchmobilityev.com/sites/default/files/2022-04/groundbreaking.jpg]
[www.switchmobilityev.com/en/news/groundbreaking-ceremony-spain-marks-milestone-switch-mobilityf83d.html]
[www.switchmobilityev.com/core/assets/vendor/jquery-form/jquery.form.min4dd0.js]
[www.switchmobilityev.com/core/misc/progress990d.js]
[www.switchmobilityev.com/core/misc/ajax990d.js]
[www.switchmobilityev.com/core/themes/stable/js/ajax990d.js]
[www.switchmobilityev.com/core/modules/views/js/base990d.js]
[www.switchmobilityev.com/core/modules/views/js/ajax_view990d.js]
[www.switchmobilityev.com/en/news.html]
[www.switchmobilityev.com/sites/default/files/banner-industry-trends.jpg]
[www.switchmobilityev.com/en/investors.html]
[www.switchmobilityev.com/sites/default/files/banner-careers.jpg]
[www.switchmobilityev.com/en/recruitment.html]
[www.switchmobilityev.com/en/aftersales-support.html]
[www.switchmobilityev.com/en/contact.html]
[www.switchmobilityev.com/themes/custom/switchmobility/resources/images/chevron-right.svg]
[www.switchmobilityev.com/future-vehicles.html]
[www.switchmobilityev.com/en/news/formula-e-race.html]
[www.switchmobilityev.com/sites/default/files/2023-02/Formula-E1-large-img1.jpg]
[www.switchmobilityev.com/sites/default/files/2023-02/Formula-E1-large-img2.jpg]
[www.switchmobilityev.com/sites/default/files/2023-02/Formula-E1-large-img3.jpg]
[www.switchmobilityev.com/sites/default/files/2023-02/Formula-E1-large-img4.jpg]
[www.switchmobilityev.com/en/news/formula-e-race76e3.html]
[www.switchmobilityev.com/en/news/switch-mobility-ltd-delivers-first-set-switch-eiv-22-indias-first-electric-double-decker-buses.html]
[www.switchmobilityev.com/sites/default/files/2023-02/flag-off-large-img3.jpg]
[www.switchmobilityev.com/sites/default/files/2023-02/flag-off-large-img1.jpg]
[www.switchmobilityev.com/sites/default/files/2023-02/flag-off-large-img2.jpg]
[www.switchmobilityev.com/en/news/switch-mobility-ltd-delivers-first-set-switch-eiv-22-indias-first-electric-double-decker-buses0222.html]
[www.switchmobilityev.com/en/news/switch-mobility-showcase-3-new-electric-vehicles-auto-expo-2023.html]
[www.switchmobilityev.com/sites/default/files/2023-02/auto-expo_0.jpg]
[www.switchmobilityev.com/en/news/switch-mobility-showcase-3-new-electric-vehicles-auto-expo-20231089.html]
[www.switchmobilityev.com/en/privacy-policy.html]
[www.switchmobilityev.com/en/tax-strategy.html]
[www.switchmobilityev.com/en/disclaimer.html]
[www.switchmobilityev.com/en/cookies-policy.html]
[www.switchmobilityev.com/en/gender-pay-gap-reporting.html]
[www.switchmobilityev.com/en/modern-slavery-act-transparency.html]
[www.switchmobilityev.com/themes/custom/switchmobility/resources/css/jquery.fancybox.min.css]
[www.switchmobilityev.com/es/cookies-policy.html]
[www.switchmobilityev.com/ja/company.html]
[www.switchmobilityev.com/ja/current-vehicles.html]
[www.switchmobilityev.com/ja/switch-e1.html]
[www.switchmobilityev.com/themes/custom/switchmobility/resources/images/e1/light-weight-mobile-hz.jpg]
[www.switchmobilityev.com/themes/custom/switchmobility/resources/images/e1/battery-mobile-hz.jpg]
[www.switchmobilityev.com/themes/custom/switchmobility/resources/images/e1/lowest-tco-mobile-hz.jpg]
[www.switchmobilityev.com/themes/custom/switchmobility/resources/images/e1/customer-first-mobile-hz.jpg]
[www.switchmobilityev.com/ja/switch-eiv12.html]
[www.switchmobilityev.com/ja/switch-eiv22.html]
[www.switchmobilityev.com/ja/metrodecker.html]
[www.switchmobilityev.com/ja/metrocity.html]
[www.switchmobilityev.com/ja/technology.html]
[www.switchmobilityev.com/ja/aftersales-support.html]
[www.switchmobilityev.com/ja/news.html]
[www.switchmobilityev.com/ja/contact.html]
[www.switchmobilityev.com/ja/future-vehicles.html]
[www.switchmobilityev.com/ja/tax-strategy.html]
[www.switchmobilityev.com/ja/privacy-policy.html]
[www.switchmobilityev.com/ja/cookies-policy.html]
[www.switchmobilityev.com/ja/gender-pay-gap-reporting.html]
[www.switchmobilityev.com/ja/modern-slavery-act-transparency.html]
[www.switchmobilityev.com/themes/custom/switchmobility/resources/images/SwitchEV_ES.mp4]
[www.switchmobilityev.com/es/company.html]
[www.switchmobilityev.com/es/current-vehicles.html]
[www.switchmobilityev.com/es/switch-e1.html]
[www.switchmobilityev.com/es/switch-eiv12.html]
[www.switchmobilityev.com/es/switch-eiv22.html]
[www.switchmobilityev.com/es/metrodecker.html]
[www.switchmobilityev.com/es/metrocity.html]
[www.switchmobilityev.com/es/technology.html]
[www.switchmobilityev.com/es/recruitment.html]
[www.switchmobilityev.com/es/aftersales-support.html]
[www.switchmobilityev.com/es/news.html]
[www.switchmobilityev.com/es/contact.html]
[www.switchmobilityev.com/es/tax-strategy.html]
[www.switchmobilityev.com/es/privacy-policy.html]
[www.switchmobilityev.com/es/gender-pay-gap-reporting.html]
[www.switchmobilityev.com/es/modern-slavery-act-transparency.html]
[www.switchmobilityev.com/core/themes/stable/images/core/icons/e32700/error.svg]
[www.switchmobilityev.com/core/themes/stable/images/core/icons/e29700/warning.svg]
[www.switchmobilityev.com/core/themes/stable/images/core/icons/73b355/check.svg]
[www.switchmobilityev.com/core/themes/stable/images/core/icons/787878/move.svg]
[www.switchmobilityev.com/core/themes/stable/images/core/icons/000000/move.svg]
[www.switchmobilityev.com/core/themes/stable/images/core/icons/787878/twistie-down.svg]
[www.switchmobilityev.com/core/themes/stable/images/core/icons/787878/twistie-up.svg]
[www.switchmobilityev.com/core/misc/icons/ee0000/required.svg]
[www.switchmobilityev.com/core/misc/icons/e32700/error.svg]
[www.switchmobilityev.com/core/misc/feed.svg]
[www.switchmobilityev.com/core/misc/icons/73b355/check.svg]
[www.switchmobilityev.com/core/misc/icons/e29700/warning.svg]
[www.switchmobilityev.com/themes/custom/switchmobility/resources/fonts/fontawesome-webfont93e3.svg]
[www.switchmobilityev.com/themes/custom/switchmobility/resources/images/pattern-blue.svg]
[www.switchmobilityev.com/themes/custom/switchmobility/resources/images/pattern-black.svg]
[www.switchmobilityev.com/themes/custom/switchmobility/resources/images/pattern-box.svg]
[www.switchmobilityev.com/themes/custom/switchmobility/resources/images/blog/Blog_Banner.html]
[www.switchmobilityev.com/themes/custom/switchmobility/resources/images/blog/selectDropdownIcon.html]
[www.switchmobilityev.com/themes/custom/switchmobility/resources/images/pattern-white.svg]
[www.switchmobilityev.com/themes/custom/switchmobility/resources/css/blur.html]
[www.switchmobilityev.com/themes/custom/switchmobility/resources/images/down-arrow (3.html]
[www.switchmobilityev.com/themes/custom/switchmobility/resources/images/selectDropdownIcon.html]
[www.switchmobilityev.com/sites/default/files/odin/e1-logo.svg]
[www.switchmobilityev.com/sites/default/files/metrodecker/metrodecker-logo-white.svg]
[www.switchmobilityev.com/sites/default/files/metrocity/metrocity-logo-white.svg]
[www.switchmobilityev.com/sites/default/files/ico-tech-monocoque.svg]
[www.switchmobilityev.com/sites/default/files/ico-tech-bespoke-battery.svg]
[www.switchmobilityev.com/sites/default/files/ico-tech-digital-twin.svg]
[www.switchmobilityev.com/sites/default/files/ico-tech-big-data.svg]
[www.switchmobilityev.com/sites/default/files/ico-tech-i-alert.svg]
[www.switchmobilityev.com/sites/default/files/ico-tech-smart-interactions.svg]
[www.switchmobilityev.com/sites/default/files/ico-tech-upgradable.svg]
[www.switchmobilityev.com/sites/default/files/ico-tech-emobility.svg]
[www.switchmobilityev.com/core/themes/classy/css/components/progress8496.css]
[www.switchmobilityev.com/en/news6833.html]
[www.switchmobilityev.com/en/news0e4f.html]
[www.switchmobilityev.com/en/news12d1.html]
[www.switchmobilityev.com/en/news331a.html]
[www.switchmobilityev.com/en/news/switch-mobility-partners-jsw-introduce-electric-buses-employee-transportation2b4f.html]
[www.switchmobilityev.com/en/news/switch-mobility-partners-jsw-introduce-electric-buses-employee-transportation.html]
[www.switchmobilityev.com/en/news/showcasing-greener-future-euro-bus-expo.html]
[www.switchmobilityev.com/sites/default/files/2022-11/Switch-BusExpo-Birmingham-02112022-7198-4.jpg]
[www.switchmobilityev.com/en/news/showcasing-greener-future-euro-bus-expofae1.html]
[www.switchmobilityev.com/en/news/switch-announces-senior-level-organisational-changes-mahesh-babu-elevated-ceo8e63.html]
[www.switchmobilityev.com/en/news/switch-announces-senior-level-organisational-changes-mahesh-babu-elevated-ceo.html]
[www.switchmobilityev.com/en/news/re-birth-icon-switch-mobility-ltd-unveils-indias-first-and-unique-electric-double-decker-bus4025.html]
[www.switchmobilityev.com/en/news/re-birth-icon-switch-mobility-ltd-unveils-indias-first-and-unique-electric-double-decker-bus.html]
[www.switchmobilityev.com/en/news/switch-mobility-and-chalo-join-hands-deploy-5000-electric-buses-across-india2272.html]
[www.switchmobilityev.com/en/news/switch-mobility-and-chalo-join-hands-deploy-5000-electric-buses-across-india.html]
[www.switchmobilityev.com/en/news/switch-india-launches-next-generation-electric-bus-platform-switch-eiv-12e16e.html]
[www.switchmobilityev.com/en/news/switch-india-launches-next-generation-electric-bus-platform-switch-eiv-12.html]
[www.switchmobilityev.com/en/news/switch-mobility-ltd-launches-all-new-switch-e1-12m-busbb04.html]
[www.switchmobilityev.com/en/news/switch-mobility-ltd-launches-all-new-switch-e1-12m-bus.html]
[www.switchmobilityev.com/en/news/sara-borjas-appointed-new-head-rd-switch-mobility-iberia9039.html]
[www.switchmobilityev.com/en/news/sara-borjas-appointed-new-head-rd-switch-mobility-iberia.html]
[www.switchmobilityev.com/en/news/switch-mobility-one-year493b.html]
[www.switchmobilityev.com/en/news/switch-mobility-one-year.html]
[www.switchmobilityev.com/en/news/switch-mobility-ltd-showcase-current-and-future-products-bus2bus-berlin.html]
[www.switchmobilityev.com/sites/default/files/2022-04/METROCITY_UPDATED_LOGO.png]
[www.switchmobilityev.com/en/news/switch-mobility-ltd-showcase-current-and-future-products-bus2bus-berlin6c97.html]
[www.switchmobilityev.com/en/news/switch-mobility-certified-carbon-neutral.html]
[www.switchmobilityev.com/en/news/switch-mobility-certified-carbon-neutral6d58.html]
[www.switchmobilityev.com/en/news/groundbreaking-ceremony-spain-marks-milestone-switch-mobility.html]
[www.switchmobilityev.com/en/news/groundbreaking-ceremony-spain-marks-milestone-switch-mobilityf83d.html]
[www.switchmobilityev.com/en/news/formula-e-race.html]
[www.switchmobilityev.com/en/news/switch-mobility-ltd-delivers-first-set-switch-eiv-22-indias-first-electric-double-decker-buses.html]
[www.switchmobilityev.com/en/news/switch-mobility-showcase-3-new-electric-vehicles-auto-expo-2023.html]
[www.switchmobilityev.com/es/cookies-policy.html]
[www.switchmobilityev.com/en/news/switch-mobility-partners-jsw-introduce-electric-buses-employee-transportation.html]
[www.switchmobilityev.com/en/news/showcasing-greener-future-euro-bus-expo.html]
[www.switchmobilityev.com/en/news/switch-announces-senior-level-organisational-changes-mahesh-babu-elevated-ceo.html]
[www.switchmobilityev.com/en/news/re-birth-icon-switch-mobility-ltd-unveils-indias-first-and-unique-electric-double-decker-bus.html]
[www.switchmobilityev.com/en/news/switch-mobility-and-chalo-join-hands-deploy-5000-electric-buses-across-india.html]
[www.switchmobilityev.com/en/news/switch-india-launches-next-generation-electric-bus-platform-switch-eiv-12.html]
[www.switchmobilityev.com/en/news/switch-mobility-ltd-launches-all-new-switch-e1-12m-bus.html]
[www.switchmobilityev.com/en/news/sara-borjas-appointed-new-head-rd-switch-mobility-iberia.html]
[www.switchmobilityev.com/en/news/switch-mobility-one-year.html]
[www.switchmobilityev.com/en/news/switch-mobility-ltd-showcase-current-and-future-products-bus2bus-berlin.html]
[www.switchmobilityev.com/en/news/switch-mobility-certified-carbon-neutral.html]
[www.switchmobilityev.com/en/news/groundbreaking-ceremony-spain-marks-milestone-switch-mobility.html]
